{
  "version": "1.5.0",
  "plugins_used": [
    {
      "name": "ArtifactoryDetector"
    },
    {
      "name": "AWSKeyDetector"
    },
    {
      "name": "AzureStorageKeyDetector"
    },
    {
      "name": "Base64HighEntropyString",
      "limit": 4.5
    },
    {
      "name": "BasicAuthDetector"
    },
    {
      "name": "CloudantDetector"
    },
    {
      "name": "DiscordBotTokenDetector"
    },
    {
      "name": "GitHubTokenDetector"
    },
    {
      "name": "GitLabTokenDetector"
    },
    {
      "name": "HexHighEntropyString",
      "limit": 3.0
    },
    {
      "name": "IbmCloudIamDetector"
    },
    {
      "name": "IbmCosHmacDetector"
    },
    {
      "name": "IPPublicDetector"
    },
    {
      "name": "JwtTokenDetector"
    },
    {
      "name": "KeywordDetector",
      "keyword_exclude": ""
    },
    {
      "name": "MailchimpDetector"
    },
    {
      "name": "NpmDetector"
    },
    {
      "name": "OpenAIDetector"
    },
    {
      "name": "PrivateKeyDetector"
    },
    {
      "name": "PypiTokenDetector"
    },
    {
      "name": "SendGridDetector"
    },
    {
      "name": "SlackDetector"
    },
    {
      "name": "SoftlayerDetector"
    },
    {
      "name": "SquareOAuthDetector"
    },
    {
      "name": "StripeDetector"
    },
    {
      "name": "TelegramBotTokenDetector"
    },
    {
      "name": "TwilioKeyDetector"
    }
  ],
  "filters_used": [
    {
      "path": "detect_secrets.filters.allowlist.is_line_allowlisted"
    },
    {
      "path": "detect_secrets.filters.common.is_ignored_due_to_verification_policies",
      "min_level": 2
    },
    {
      "path": "detect_secrets.filters.heuristic.is_indirect_reference"
    },
    {
      "path": "detect_secrets.filters.heuristic.is_likely_id_string"
    },
    {
      "path": "detect_secrets.filters.heuristic.is_lock_file"
    },
    {
      "path": "detect_secrets.filters.heuristic.is_not_alphanumeric_string"
    },
    {
      "path": "detect_secrets.filters.heuristic.is_potential_uuid"
    },
    {
      "path": "detect_secrets.filters.heuristic.is_prefixed_with_dollar_sign"
    },
    {
      "path": "detect_secrets.filters.heuristic.is_sequential_string"
    },
    {
      "path": "detect_secrets.filters.heuristic.is_swagger_file"
    },
    {
      "path": "detect_secrets.filters.heuristic.is_templated_secret"
    },
    {
      "path": "detect_secrets.filters.regex.should_exclude_file",
      "pattern": [
        "(\\.env\\.example|tests/fixtures/)"
      ]
    }
  ],
  "results": {
    "cli/onboard.py": [
      {
        "type": "Basic Auth Credentials",
        "filename": "cli/onboard.py",
        "hashed_secret": "9d4e1e23bd5b727046a9e3b4b7db57bd8d6ee684",
        "is_verified": false,
        "line_number": 133
      }
    ],
    "tests/test_advanced_coding_skills.py": [
      {
        "type": "Secret Keyword",
        "filename": "tests/test_advanced_coding_skills.py",
        "hashed_secret": "f2b14f68eb995facb3a1c35287b778d5bd785511",
        "is_verified": false,
        "line_number": 30
      }
    ],
    "tests/test_audit_privacy.py": [
      {
        "type": "Secret Keyword",
        "filename": "tests/test_audit_privacy.py",
        "hashed_secret": "e5e9fa1ba31ecd1ae84f75caaa474f3a663f05f4",
        "is_verified": false,
        "line_number": 38
      },
      {
        "type": "Basic Auth Credentials",
        "filename": "tests/test_audit_privacy.py",
        "hashed_secret": "9d4e1e23bd5b727046a9e3b4b7db57bd8d6ee684",
        "is_verified": false,
        "line_number": 43
      }
    ],
    "tests/test_cli_new_commands.py": [
      {
        "type": "Secret Keyword",
        "filename": "tests/test_cli_new_commands.py",
        "hashed_secret": "69dba6dfc0be932d10cdbfaae770c300cd7e0e3c",
        "is_verified": false,
        "line_number": 211
      }
    ],
    "tests/test_connectors.py": [
      {
        "type": "Secret Keyword",
        "filename": "tests/test_connectors.py",
        "hashed_secret": "522b276a356bdf39013dfabea2cd43e141ecc9e8",
        "is_verified": false,
        "line_number": 67
      },
      {
        "type": "Secret Keyword",
        "filename": "tests/test_connectors.py",
        "hashed_secret": "e2235b342aac3fdb7906fd438b936b5278a8039f",
        "is_verified": false,
        "line_number": 77
      },
      {
        "type": "Secret Keyword",
        "filename": "tests/test_connectors.py",
        "hashed_secret": "28b92b56ee64b92ebb72d865f172ef00c708df83",
        "is_verified": false,
        "line_number": 111
      },
      {
        "type": "Secret Keyword",
        "filename": "tests/test_connectors.py",
        "hashed_secret": "e75aa8a6c315ece2688b26b6a293e44e58d1988a",
        "is_verified": false,
        "line_number": 292
      },
      {
        "type": "Secret Keyword",
        "filename": "tests/test_connectors.py",
        "hashed_secret": "cb4fa0492f34f7b15b46db34030eb3f26ec6d6ae",
        "is_verified": false,
        "line_number": 301
      },
      {
        "type": "Secret Keyword",
        "filename": "tests/test_connectors.py",
        "hashed_secret": "c744a7e2dae0b5bb9561329bec944e2a24f4027d",
        "is_verified": false,
        "line_number": 331
      }
    ],
    "tests/test_hierarchical_memory.py": [
      {
        "type": "Secret Keyword",
        "filename": "tests/test_hierarchical_memory.py",
        "hashed_secret": "7ce6ed3727ece51d2219f2bdc7f6db3594dc4d7f",
        "is_verified": false,
        "line_number": 190
      }
    ],
    "tests/test_live_research_security.py": [
      {
        "type": "Basic Auth Credentials",
        "filename": "tests/test_live_research_security.py",
        "hashed_secret": "5baa61e4c9b93f3f0682250b6cf8331b7ee68fd8",
        "is_verified": false,
        "line_number": 19
      }
    ],
    "tests/test_provenance_memory.py": [
      {
        "type": "Secret Keyword",
        "filename": "tests/test_provenance_memory.py",
        "hashed_secret": "f2b14f68eb995facb3a1c35287b778d5bd785511",
        "is_verified": false,
        "line_number": 52
      }
    ],
    "tests/test_security_tools.py": [
      {
        "type": "AWS Access Key",
        "filename": "tests/test_security_tools.py",
        "hashed_secret": "25910f981e85ca04baf359199dd0bd4a3ae738b6",
        "is_verified": false,
        "line_number": 866
      },
      {
        "type": "Private Key",
        "filename": "tests/test_security_tools.py",
        "hashed_secret": "be4fc4886bd949b369d5e092eb87494f12e57e5b",
        "is_verified": false,
        "line_number": 871
      }
    ],
    "docs/voice-training-v2.json": [
      {
        "type": "Hex High Entropy String",
        "filename": "docs/voice-training-v2.json",
        "hashed_secret": "41a956213909f72eb93483b56f6c7bf9c459716a",
        "is_verified": false,
        "line_number": 89,
        "is_secret": false
      }
    ]
  },
  "generated_at": "2026-09-19T18:50:49Z"
}
